[debug] [2026-08-22T14:44:11.620Z] ----------------------------------------------------------------------
[debug] [2026-08-22T14:44:11.625Z] Command:       C:\Program Files\nodejs\node.exe C:\Users\amanr\AppData\Roaming\npm\node_modules\firebase-tools\lib\bin\firebase.js deploy --only hosting
[debug] [2026-08-22T14:44:11.625Z] CLI Version:   15.28.1
[debug] [2026-08-22T14:44:11.626Z] Platform:      win32
[debug] [2026-08-22T14:44:11.626Z] Node Version:  v23.9.0
[debug] [2026-08-22T14:44:11.626Z] Detected Agent: unknown
[debug] [2026-08-22T14:44:11.626Z] Time:          Sat Aug 22 2026 20:14:11 GMT+0530 (India Standard Time)
[debug] [2026-08-22T14:44:11.626Z] ----------------------------------------------------------------------
[debug] 
[debug] [2026-08-22T14:44:11.647Z] >>> [apiv2][query] GET https://firebase-public.firebaseio.com/cli.json [none]
[debug] [2026-08-22T14:44:55.509Z] > command requires scopes: ["email","openid","https://www.googleapis.com/auth/cloudplatformprojects.readonly","https://www.googleapis.com/auth/firebase","https://www.googleapis.com/auth/cloud-platform"]
[debug] [2026-08-22T14:44:55.510Z] > authorizing via signed-in user (amanrck69@gmail.com)
[debug] [2026-08-22T14:44:55.510Z] [iam] checking project aarenintpro-1c09f for permissions ["firebase.projects.get","firebasehosting.sites.update"]
[debug] [2026-08-22T14:44:55.512Z] Checked if tokens are valid: false, expires at: 1746174705650
[debug] [2026-08-22T14:44:55.513Z] Checked if tokens are valid: false, expires at: 1746174705650
[debug] [2026-08-22T14:44:55.513Z] > refreshing access token with scopes: []
[debug] [2026-08-22T14:44:55.517Z] >>> [apiv2][query] POST https://www.googleapis.com/oauth2/v3/token [none]
[debug] [2026-08-22T14:44:55.518Z] >>> [apiv2][body] POST https://www.googleapis.com/oauth2/v3/token [omitted]
[debug] [2026-08-22T14:44:56.401Z] <<< [apiv2][status] POST https://www.googleapis.com/oauth2/v3/token 400
[debug] [2026-08-22T14:44:56.402Z] <<< [apiv2][body] POST https://www.googleapis.com/oauth2/v3/token [omitted]
[debug] [2026-08-22T14:44:56.403Z] >>> [apiv2][query] POST https://cloudresourcemanager.googleapis.com/v1/projects/aarenintpro-1c09f:testIamPermissions [none]
[debug] [2026-08-22T14:44:56.403Z] >>> [apiv2][(partial)header] POST https://cloudresourcemanager.googleapis.com/v1/projects/aarenintpro-1c09f:testIamPermissions  x-goog-user-project=aarenintpro-1c09f
[debug] [2026-08-22T14:44:56.403Z] >>> [apiv2][body] POST https://cloudresourcemanager.googleapis.com/v1/projects/aarenintpro-1c09f:testIamPermissions {"permissions":["firebase.projects.get","firebasehosting.sites.update"]}
[debug] [2026-08-22T14:44:56.612Z] <<< [apiv2][status] GET https://firebase-public.firebaseio.com/cli.json 200
[debug] [2026-08-22T14:44:56.613Z] <<< [apiv2][body] GET https://firebase-public.firebaseio.com/cli.json {"cloudBuildErrorAfter":1594252800000,"cloudBuildWarnAfter":1590019200000,"defaultNode10After":1594252800000,"minVersion":"3.0.5","node8DeploysDisabledAfter":1613390400000,"node8RuntimeDisabledAfter":1615809600000,"node8WarnAfter":1600128000000}
[debug] [2026-08-22T14:44:58.089Z] <<< [apiv2][status] POST https://cloudresourcemanager.googleapis.com/v1/projects/aarenintpro-1c09f:testIamPermissions 401
[debug] [2026-08-22T14:44:58.093Z] <<< [apiv2][body] POST https://cloudresourcemanager.googleapis.com/v1/projects/aarenintpro-1c09f:testIamPermissions {"error":{"code":401,"message":"Request had invalid authentication credentials. Expected OAuth 2 access token, login cookie or other valid authentication credential. See https://developers.google.com/identity/sign-in/web/devconsole-project.","status":"UNAUTHENTICATED","details":[{"@type":"type.googleapis.com/google.rpc.ErrorInfo","reason":"ACCESS_TOKEN_TYPE_UNSUPPORTED","metadata":{"service":"cloudresourcemanager.googleapis.com","method":"google.cloudresourcemanager.v1.Projects.TestIamPermissions"}}]}}
[debug] [2026-08-22T14:44:58.094Z] Got a 401 Unauthenticated error for a call that required authentication. Refreshing tokens.
[debug] [2026-08-22T14:44:58.094Z] Checked if tokens are valid: false, expires at: 1746174705650
[debug] [2026-08-22T14:44:58.094Z] Checked if tokens are valid: false, expires at: 1746174705650
[debug] [2026-08-22T14:44:58.094Z] > refreshing access token with scopes: []
[debug] [2026-08-22T14:44:58.097Z] >>> [apiv2][query] POST https://www.googleapis.com/oauth2/v3/token [none]
[debug] [2026-08-22T14:44:58.097Z] >>> [apiv2][body] POST https://www.googleapis.com/oauth2/v3/token [omitted]
[debug] [2026-08-22T14:44:58.235Z] <<< [apiv2][status] POST https://www.googleapis.com/oauth2/v3/token 400
[debug] [2026-08-22T14:44:58.235Z] <<< [apiv2][body] POST https://www.googleapis.com/oauth2/v3/token [omitted]
[debug] [2026-08-22T14:44:58.238Z] [iam] error while checking permissions, command may fail: Request to https://cloudresourcemanager.googleapis.com/v1/projects/aarenintpro-1c09f:testIamPermissions had HTTP Error: 401, Request had invalid authentication credentials. Expected OAuth 2 access token, login cookie or other valid authentication credential. See https://developers.google.com/identity/sign-in/web/devconsole-project.
[debug] [2026-08-22T14:44:58.240Z] Checked if tokens are valid: false, expires at: 1746174705650
[debug] [2026-08-22T14:44:58.240Z] Checked if tokens are valid: false, expires at: 1746174705650
[debug] [2026-08-22T14:44:58.240Z] > refreshing access token with scopes: []
[debug] [2026-08-22T14:44:58.242Z] >>> [apiv2][query] POST https://www.googleapis.com/oauth2/v3/token [none]
[debug] [2026-08-22T14:44:58.242Z] >>> [apiv2][body] POST https://www.googleapis.com/oauth2/v3/token [omitted]
[debug] [2026-08-22T14:44:58.389Z] <<< [apiv2][status] POST https://www.googleapis.com/oauth2/v3/token 400
[debug] [2026-08-22T14:44:58.390Z] <<< [apiv2][body] POST https://www.googleapis.com/oauth2/v3/token [omitted]
[debug] [2026-08-22T14:44:58.390Z] >>> [apiv2][query] GET https://firebase.googleapis.com/v1beta1/projects/aarenintpro-1c09f [none]
[debug] [2026-08-22T14:44:59.287Z] <<< [apiv2][status] GET https://firebase.googleapis.com/v1beta1/projects/aarenintpro-1c09f 401
[debug] [2026-08-22T14:44:59.288Z] <<< [apiv2][body] GET https://firebase.googleapis.com/v1beta1/projects/aarenintpro-1c09f {"error":{"code":401,"message":"Request had invalid authentication credentials. Expected OAuth 2 access token, login cookie or other valid authentication credential. See https://developers.google.com/identity/sign-in/web/devconsole-project.","status":"UNAUTHENTICATED"}}
[debug] [2026-08-22T14:44:59.288Z] Got a 401 Unauthenticated error for a call that required authentication. Refreshing tokens.
[debug] [2026-08-22T14:44:59.288Z] Checked if tokens are valid: false, expires at: 1746174705650
[debug] [2026-08-22T14:44:59.288Z] Checked if tokens are valid: false, expires at: 1746174705650
[debug] [2026-08-22T14:44:59.288Z] > refreshing access token with scopes: []
[debug] [2026-08-22T14:44:59.289Z] >>> [apiv2][query] POST https://www.googleapis.com/oauth2/v3/token [none]
[debug] [2026-08-22T14:44:59.289Z] >>> [apiv2][body] POST https://www.googleapis.com/oauth2/v3/token [omitted]
[debug] [2026-08-22T14:44:59.421Z] <<< [apiv2][status] POST https://www.googleapis.com/oauth2/v3/token 400
[debug] [2026-08-22T14:44:59.421Z] <<< [apiv2][body] POST https://www.googleapis.com/oauth2/v3/token [omitted]
[debug] [2026-08-22T14:44:59.422Z] Request to https://firebase.googleapis.com/v1beta1/projects/aarenintpro-1c09f had HTTP Error: 401, Request had invalid authentication credentials. Expected OAuth 2 access token, login cookie or other valid authentication credential. See https://developers.google.com/identity/sign-in/web/devconsole-project.
[debug] [2026-08-22T14:44:59.428Z] Checked if tokens are valid: false, expires at: 1746174705650
[debug] [2026-08-22T14:44:59.428Z] Checked if tokens are valid: false, expires at: 1746174705650
[debug] [2026-08-22T14:44:59.428Z] > refreshing access token with scopes: []
[debug] [2026-08-22T14:44:59.430Z] >>> [apiv2][query] POST https://www.googleapis.com/oauth2/v3/token [none]
[debug] [2026-08-22T14:44:59.430Z] >>> [apiv2][body] POST https://www.googleapis.com/oauth2/v3/token [omitted]
[debug] [2026-08-22T14:44:59.570Z] <<< [apiv2][status] POST https://www.googleapis.com/oauth2/v3/token 400
[debug] [2026-08-22T14:44:59.571Z] <<< [apiv2][body] POST https://www.googleapis.com/oauth2/v3/token [omitted]
[debug] [2026-08-22T14:44:59.571Z] >>> [apiv2][query] GET https://firebase.googleapis.com/v1beta1/projects/aarenintpro-1c09f [none]
[debug] [2026-08-22T14:45:00.196Z] <<< [apiv2][status] GET https://firebase.googleapis.com/v1beta1/projects/aarenintpro-1c09f 401
[debug] [2026-08-22T14:45:00.197Z] <<< [apiv2][body] GET https://firebase.googleapis.com/v1beta1/projects/aarenintpro-1c09f {"error":{"code":401,"message":"Request had invalid authentication credentials. Expected OAuth 2 access token, login cookie or other valid authentication credential. See https://developers.google.com/identity/sign-in/web/devconsole-project.","status":"UNAUTHENTICATED"}}
[debug] [2026-08-22T14:45:00.197Z] Got a 401 Unauthenticated error for a call that required authentication. Refreshing tokens.
[debug] [2026-08-22T14:45:00.197Z] Checked if tokens are valid: false, expires at: 1746174705650
[debug] [2026-08-22T14:45:00.197Z] Checked if tokens are valid: false, expires at: 1746174705650
[debug] [2026-08-22T14:45:00.197Z] > refreshing access token with scopes: []
[debug] [2026-08-22T14:45:00.197Z] >>> [apiv2][query] POST https://www.googleapis.com/oauth2/v3/token [none]
[debug] [2026-08-22T14:45:00.197Z] >>> [apiv2][body] POST https://www.googleapis.com/oauth2/v3/token [omitted]
[debug] [2026-08-22T14:45:00.334Z] <<< [apiv2][status] POST https://www.googleapis.com/oauth2/v3/token 400
[debug] [2026-08-22T14:45:00.335Z] <<< [apiv2][body] POST https://www.googleapis.com/oauth2/v3/token [omitted]
[debug] [2026-08-22T14:45:00.335Z] Request to https://firebase.googleapis.com/v1beta1/projects/aarenintpro-1c09f had HTTP Error: 401, Request had invalid authentication credentials. Expected OAuth 2 access token, login cookie or other valid authentication credential. See https://developers.google.com/identity/sign-in/web/devconsole-project.
[debug] [2026-08-22T14:45:08.582Z] Checked if tokens are valid: false, expires at: 1746174705650
[debug] [2026-08-22T14:45:08.582Z] Checked if tokens are valid: false, expires at: 1746174705650
[debug] [2026-08-22T14:45:08.582Z] > refreshing access token with scopes: []
[debug] [2026-08-22T14:45:08.583Z] >>> [apiv2][query] POST https://www.googleapis.com/oauth2/v3/token [none]
[debug] [2026-08-22T14:45:08.583Z] >>> [apiv2][body] POST https://www.googleapis.com/oauth2/v3/token [omitted]
[debug] [2026-08-22T14:45:15.168Z] <<< [apiv2][status] POST https://www.googleapis.com/oauth2/v3/token 400
[debug] [2026-08-22T14:45:15.168Z] <<< [apiv2][body] POST https://www.googleapis.com/oauth2/v3/token [omitted]
[debug] [2026-08-22T14:45:15.168Z] >>> [apiv2][query] GET https://firebasehosting.googleapis.com/v1beta1/projects/aarenintpro-1c09f/sites pageToken=&pageSize=10
[debug] [2026-08-22T14:45:16.610Z] <<< [apiv2][status] GET https://firebasehosting.googleapis.com/v1beta1/projects/aarenintpro-1c09f/sites 401
[debug] [2026-08-22T14:45:16.610Z] <<< [apiv2][body] GET https://firebasehosting.googleapis.com/v1beta1/projects/aarenintpro-1c09f/sites {"error":{"code":401,"message":"Request had invalid authentication credentials. Expected OAuth 2 access token, login cookie or other valid authentication credential. See https://developers.google.com/identity/sign-in/web/devconsole-project.","status":"UNAUTHENTICATED"}}
[debug] [2026-08-22T14:45:16.610Z] Got a 401 Unauthenticated error for a call that required authentication. Refreshing tokens.
[debug] [2026-08-22T14:45:16.610Z] Checked if tokens are valid: false, expires at: 1746174705650
[debug] [2026-08-22T14:45:16.610Z] Checked if tokens are valid: false, expires at: 1746174705650
[debug] [2026-08-22T14:45:16.610Z] > refreshing access token with scopes: []
[debug] [2026-08-22T14:45:16.611Z] >>> [apiv2][query] POST https://www.googleapis.com/oauth2/v3/token [none]
[debug] [2026-08-22T14:45:16.611Z] >>> [apiv2][body] POST https://www.googleapis.com/oauth2/v3/token [omitted]
[debug] [2026-08-22T14:45:17.083Z] <<< [apiv2][status] POST https://www.googleapis.com/oauth2/v3/token 400
[debug] [2026-08-22T14:45:17.083Z] <<< [apiv2][body] POST https://www.googleapis.com/oauth2/v3/token [omitted]
[debug] [2026-08-22T14:45:22.097Z] Error: Timed out.
    at Timeout._onTimeout (C:\Users\amanr\AppData\Roaming\npm\node_modules\firebase-tools\lib\utils.js:296:49)
    at listOnTimeout (node:internal/timers:614:17)
    at process.processTimers (node:internal/timers:549:7)
[error] 
[error] Error: An unexpected error has occurred.
